format = 1

%lang {
	name = "C++"
	name-regex = "^(?i)(?:c\+\+|cpp)$"
	# We treat .h files as if they are C++ files, because many C++ header files
	# use the .h suffix. There is little harm in treating a C file as a C++ file.
	file-regex = "\.(?:cpp|C|cxx|cc|hpp|hxx|H|h)$"
	lang-file = "cxx.lang"
}
%lang {
	name = "C"
	name-regex = "^(?i)c$"
	file-regex = '\.[ch]$'
	lang-file = "c.lang"
}
%lang {
	name = "LLgen"
	name-regex = "^(?i)ll(?:next)?gen$"
	file-regex = "\.g$"
	lang-file = "llgen.lang"
}
%lang {
	name = "Java"
	name-regex = "^(?i)java$"
	file-regex = "(?i)\.java$"
	lang-file = "java.lang"
}
%lang {
	name = "Shell"
	name-regex = "^(?i)(?:ba)?sh|(?i)shell$"
	file-regex = "(?i)\.sh$"
	lang-file = "sh.lang"
}
%lang {
	name = "Python"
	name-regex = "^(?i)python$"
	file-regex = "(?i)\.py$"
	lang-file = "python.lang"
}
%lang {
	name = "Python 3"
	name-regex = "^(?i)python ?3$"
	#file-regex = "(?i)\.py$"
	lang-file = "python3.lang"
}
%lang {
	name = "Perl"
	name-regex = "^(?i)perl$"
	file-regex = "(?i)\.pl$"
	lang-file = "perl.lang"
}
%lang {
	name = "(X)HTML"
	name-regex = "^(?i)(?:\(x\)|x)?html$"
	file-regex = "(?i)\.(?:x?html|htm)$"
	lang-file = "html.lang"
}
%lang {
	name = "JavaScript"
	name-regex = "^(?i)(?:java|ecma)script$"
	file-regex = "(?i)\.js$"
	lang-file = "javascript.lang"
}
%lang {
	name = "SVG"
	name-regex = "^(?i)svg$"
	file-regex = "(?i)\.svg$"
	lang-file = "svg.lang"
}

%lang {
	name = "T3 Highlight Language Definition"
	name-regex = "^(?i)lang$"
	file-regex = "\.lang$"
	lang-file = "lang.lang"
}
%lang {
	name = "Password file"
	name-regex = "^(?i)passwd$"
	file-regex = "^/etc/passwd(?:[^/]+)?$"
	lang-file = "passwd.lang"
}
%lang {
	name = "Makefile"
	name-regex = "^(?i)make(?:file)?$"
	file-regex = "(?i)(?:^|/)(?:gnu|bsd)?makefile$|\.mk$"
	lang-file = "make.lang"
}
%lang {
	name = "Difference"
	name-regex = "^(?i)diff(?:erence)?$"
	file-regex = "\.(?:diff|patch)$"
	lang-file = "diff.lang"
}

%lang {
	name = "Group file"
	name-regex = "^(?i)group$"
	file-regex = "^/etc/group(?:[^/]+)?$"
	lang-file = "group.lang"
}
%lang {
	name = "Shadow file"
	name-regex = "^(?i)shadow$"
	file-regex = "^/etc/shadow(?:[^/]+)?$"
	lang-file = "shadow.lang"
}
# This definition should be last, because it matches for any file in /etc
%lang {
	name = "Configuration file"
	name-regex = "(?i)conf(?:ig)?"
	file-regex = "(?:^/etc/|\.(?:conf|ini)$)"
	lang-file = "conf.lang"
}
